
Memory Configuration

Name             Origin             Length             Attributes
flash            0x80000000         0x00020000         xr
sram             0x20000000         0x00005000         xrw
*default*        0x00000000         0xffffffff

Linker script and memory map


.text           0x80000000       0xbc
 *(.vectors*)
 .vectors       0x80000000       0x18 startup.o
                0x80000000                vectors
 *(.text*)
 .text          0x80000018        0xe app.o
                0x80000018                main
 *fill*         0x80000026        0x2 
 .text          0x80000028       0x94 startup.o
                0x80000028                default_handler
                0x80000028                NMI_Fault
                0x80000028                Hard_Fault
                0x80000028                Usage_Fault
                0x80000028                Bus_Faultr
                0x80000034                Reset_Handler
 *(.rodata)
                0x800000bc                _E_text = .

.glue_7         0x800000bc        0x0
 .glue_7        0x800000bc        0x0 linker stubs

.glue_7t        0x800000bc        0x0
 .glue_7t       0x800000bc        0x0 linker stubs

.vfp11_veneer   0x800000bc        0x0
 .vfp11_veneer  0x800000bc        0x0 linker stubs

.v4_bx          0x800000bc        0x0
 .v4_bx         0x800000bc        0x0 linker stubs

.iplt           0x800000bc        0x0
 .iplt          0x800000bc        0x0 startup.o

.rel.dyn        0x800000bc        0x0
 .rel.iplt      0x800000bc        0x0 startup.o

.data           0x20000000       0x20 load address 0x800000bc
                0x20000000                _S_data = .
 *(.data)
 .data          0x20000000       0x20 app.o
                0x20000000                data
 .data          0x20000020        0x0 startup.o
                0x20000020                _E_data = .

.igot.plt       0x20000020        0x0 load address 0x800000dc
 .igot.plt      0x20000020        0x0 startup.o

.bss            0x20000020     0x1001 load address 0x800000dc
                0x20000020                _S_bss = .
 *(.bss)
 .bss           0x20000020        0x1 app.o
                0x20000020                bss
 .bss           0x20000021        0x0 startup.o
                0x20000021                _E_bss = .
                0x20001021                . = (. + 0x1000)
 *fill*         0x20000021     0x1000 
                0x20001021                _stack_top = .
LOAD app.o
LOAD startup.o
OUTPUT(cortexM3.elf elf32-littlearm)

.comment        0x00000000       0x7e
 .comment       0x00000000       0x7e app.o
                                 0x7f (size before relaxing)
 .comment       0x0000007e       0x7f startup.o

.ARM.attributes
                0x00000000       0x33
 .ARM.attributes
                0x00000000       0x33 app.o
 .ARM.attributes
                0x00000033       0x33 startup.o
